// Jest Snapshot v1, https://goo.gl/fbAQLP

exports[`RegisterComponent rendering Should render correctly 1`] = `
<View
  style={
    Object {
      "marginBottom": 20,
      "marginTop": 20,
    }
  }
>
  <View
    style={Object {}}
  >
    <View
      style={
        Object {
          "marginBottom": 10,
        }
      }
    >
      <View>
        <TextInput
          allowFontScaling={true}
          onChangeText={[Function]}
          placeholder="Identifiant"
          placeholderTextColor="#DBDBDB"
          style={
            Object {
              "alignSelf": "center",
              "backgroundColor": "#FFFFFF",
              "borderRadius": 3,
              "fontFamily": "System",
              "fontSize": 15,
              "height": 50,
              "marginTop": 20,
              "paddingLeft": 20,
              "shadowColor": "#000000",
              "shadowOffset": Object {
                "height": 3,
                "width": 0,
              },
              "shadowOpacity": 0.33,
              "shadowRadius": 3,
              "width": 282,
            }
          }
          underlineColorAndroid="transparent"
          value=""
        />
      </View>
    </View>
    <View
      style={
        Object {
          "marginBottom": 10,
        }
      }
    >
      <View>
        <TextInput
          allowFontScaling={true}
          onChangeText={[Function]}
          placeholder="E-mail"
          placeholderTextColor="#DBDBDB"
          style={
            Object {
              "alignSelf": "center",
              "backgroundColor": "#FFFFFF",
              "borderRadius": 3,
              "fontFamily": "System",
              "fontSize": 15,
              "height": 50,
              "marginTop": 20,
              "paddingLeft": 20,
              "shadowColor": "#000000",
              "shadowOffset": Object {
                "height": 3,
                "width": 0,
              },
              "shadowOpacity": 0.33,
              "shadowRadius": 3,
              "width": 282,
            }
          }
          underlineColorAndroid="transparent"
          value=""
        />
      </View>
    </View>
    <View
      style={
        Object {
          "marginBottom": 10,
        }
      }
    >
      <View>
        <TextInput
          allowFontScaling={true}
          onChangeText={[Function]}
          placeholder="Mot de passe"
          placeholderTextColor="#DBDBDB"
          secureTextEntry={true}
          style={
            Object {
              "alignSelf": "center",
              "backgroundColor": "#FFFFFF",
              "borderRadius": 3,
              "fontFamily": "System",
              "fontSize": 15,
              "height": 50,
              "marginTop": 20,
              "paddingLeft": 20,
              "shadowColor": "#000000",
              "shadowOffset": Object {
                "height": 3,
                "width": 0,
              },
              "shadowOpacity": 0.33,
              "shadowRadius": 3,
              "width": 282,
            }
          }
          underlineColorAndroid="transparent"
          value=""
        />
      </View>
    </View>
    <View
      style={
        Object {
          "marginBottom": 10,
        }
      }
    >
      <View>
        <TextInput
          allowFontScaling={true}
          onChangeText={[Function]}
          placeholder="Confirmation du mot de passe"
          placeholderTextColor="#DBDBDB"
          secureTextEntry={true}
          style={
            Object {
              "alignSelf": "center",
              "backgroundColor": "#FFFFFF",
              "borderRadius": 3,
              "fontFamily": "System",
              "fontSize": 15,
              "height": 50,
              "marginTop": 20,
              "paddingLeft": 20,
              "shadowColor": "#000000",
              "shadowOffset": Object {
                "height": 3,
                "width": 0,
              },
              "shadowOpacity": 0.33,
              "shadowRadius": 3,
              "width": 282,
            }
          }
          underlineColorAndroid="transparent"
          value=""
        />
      </View>
    </View>
    <View
      style={
        Object {
          "alignItems": "center",
          "flexDirection": "column",
        }
      }
    >
      <View
        style={
          Object {
            "alignItems": "center",
            "flexDirection": "row",
            "marginRight": 30,
            "marginTop": 10,
          }
        }
      >
        <Text
          style={
            Object {
              "alignItems": "stretch",
              "flex": 4,
              "fontFamily": "System",
              "fontSize": 15,
              "textAlign": "center",
            }
          }
        >
          J'accepte les conditions d'utilisation
        </Text>
        <RCTSwitch
          accessibilityLabel={null}
          onChange={[Function]}
          onResponderTerminationRequest={[Function]}
          onStartShouldSetResponder={[Function]}
          style={
            Array [
              Object {
                "height": 31,
                "width": 51,
              },
              Array [
                Object {
                  "alignSelf": "flex-end",
                },
                Object {
                  "backgroundColor": "#989898",
                  "borderRadius": 16,
                },
              ],
            ]
          }
          thumbTintColor="#F1F1F1"
          tintColor="#989898"
          value={false}
        />
      </View>
    </View>
  </View>
  <Text
    onPress={[Function]}
  >
    Link to Terms
  </Text>
  <View
    accessible={true}
    isTVSelectable={true}
    onResponderGrant={[Function]}
    onResponderMove={[Function]}
    onResponderRelease={[Function]}
    onResponderTerminate={[Function]}
    onResponderTerminationRequest={[Function]}
    onStartShouldSetResponder={[Function]}
    style={
      Object {
        "alignSelf": "center",
        "backgroundColor": "#A6E48D",
        "borderRadius": 10,
        "height": 45,
        "justifyContent": "center",
        "marginTop": 20,
        "opacity": 1,
        "shadowColor": "#000000",
        "shadowOffset": Object {
          "height": 6,
          "width": 0,
        },
        "shadowOpacity": 0.33,
        "shadowRadius": 7.5,
        "width": 215,
      }
    }
  >
    <Text
      style={
        Object {
          "color": "#000000",
          "fontFamily": "System",
          "fontSize": 15,
          "textAlign": "center",
        }
      }
    >
      S'inscrire
    </Text>
  </View>
</View>
`;
