// Jest Snapshot v1, https://goo.gl/fbAQLP

exports[`AvatarComponent rendering Should render correctly 1`] = `
<View
  style={
    Object {
      "alignItems": "center",
      "flexDirection": "row",
      "justifyContent": "center",
      "marginBottom": 30,
      "marginTop": 30,
    }
  }
>
  <View
    style={
      Object {
        "marginLeft": 30,
        "marginRight": 30,
      }
    }
  >
    <Image
      source={
        Object {
          "testUri": "../../../assets/images/user_placeholder.png",
        }
      }
      style={
        Object {
          "alignSelf": "center",
          "borderRadius": 40,
          "height": 80,
          "width": 80,
        }
      }
    />
  </View>
  <View
    style={
      Object {
        "alignItems": "center",
        "flex": 1,
        "flexDirection": "column",
        "justifyContent": "center",
        "marginRight": 50,
      }
    }
  >
    <Text />
    <View
      accessible={true}
      isTVSelectable={true}
      onResponderGrant={[Function]}
      onResponderMove={[Function]}
      onResponderRelease={[Function]}
      onResponderTerminate={[Function]}
      onResponderTerminationRequest={[Function]}
      onStartShouldSetResponder={[Function]}
      style={
        Object {
          "alignSelf": "center",
          "backgroundColor": "#FFFFFF",
          "borderRadius": 10,
          "height": 30,
          "justifyContent": "center",
          "marginTop": 20,
          "opacity": 1,
          "shadowColor": "#000000",
          "shadowOffset": Object {
            "height": 6,
            "width": 0,
          },
          "shadowOpacity": 0.33,
          "shadowRadius": 7.5,
          "width": 171,
        }
      }
    >
      <Text
        style={
          Object {
            "color": "#000000",
            "fontFamily": "System",
            "fontSize": 15,
            "textAlign": "center",
          }
        }
      >
        Changer d'avatar
      </Text>
    </View>
  </View>
</View>
`;
