// Jest Snapshot v1, https://goo.gl/fbAQLP

exports[`DeleteMyAccountComponent rendering Should render correctly 1`] = `
<View
  accessible={true}
  isTVSelectable={true}
  onResponderGrant={[Function]}
  onResponderMove={[Function]}
  onResponderRelease={[Function]}
  onResponderTerminate={[Function]}
  onResponderTerminationRequest={[Function]}
  onStartShouldSetResponder={[Function]}
  style={
    Object {
      "alignSelf": "center",
      "backgroundColor": "#FC8D8D",
      "borderRadius": 10,
      "height": 45,
      "justifyContent": "center",
      "marginTop": 20,
      "opacity": 1,
      "shadowColor": "#000000",
      "shadowOffset": Object {
        "height": 6,
        "width": 0,
      },
      "shadowOpacity": 0.33,
      "shadowRadius": 7.5,
      "width": 215,
    }
  }
>
  <Text
    style={
      Object {
        "color": "#000000",
        "fontFamily": "System",
        "fontSize": 15,
        "textAlign": "center",
      }
    }
  >
    Supprimer mon compte
  </Text>
</View>
`;
