// Jest Snapshot v1, https://goo.gl/fbAQLP

exports[`CategoryFilter rendering ios Should render correctly 1`] = `
<View
  style={
    Object {
      "flex": 1,
      "flexDirection": "column",
      "justifyContent": "flex-start",
      "marginHorizontal": 20,
    }
  }
>
  <Text
    style={
      Object {
        "color": "#FFFFFF",
      }
    }
  >
    Cat√©gorie
  </Text>
  <View
    style={
      Object {
        "backgroundColor": "#FFFFFF",
        "borderRadius": 5,
        "height": 25,
        "justifyContent": "center",
      }
    }
  >
    <View
      accessible={true}
      isTVSelectable={true}
      onResponderGrant={[Function]}
      onResponderMove={[Function]}
      onResponderRelease={[Function]}
      onResponderTerminate={[Function]}
      onResponderTerminationRequest={[Function]}
      onStartShouldSetResponder={[Function]}
      style={
        Object {
          "opacity": 1,
          "paddingLeft": 10,
        }
      }
    >
      <Text>
        Toutes
      </Text>
    </View>
  </View>
</View>
`;
