// Jest Snapshot v1, https://goo.gl/fbAQLP

exports[`NotificationCenter rendering Should render correctly 1`] = `null`;
